node_modules/@supabase/realtime-js/src/lib/serializer.ts(57,71): error TS2345: Argument of type 'ArrayBufferLike' is not assignable to parameter of type 'ArrayBuffer'.
  Type 'SharedArrayBuffer' is missing the following properties from type 'ArrayBuffer': resizable, resize, detached, transfer, transferToFixedLength
pages/Quotes.tsx(386,33): error TS7006: Parameter 'it' implicitly has an 'any' type.
